Archive member included to satisfy reference by file (symbol)

c:/program files (x86)/atmel/studio/7.0/toolchain/avr8/avr8-gnu-toolchain/bin/../lib/gcc/avr/5.4.0/avr5\libgcc.a(_exit.o)
                              C:/Program Files (x86)/Atmel/Studio/7.0/Packs/atmel/ATmega_DFP/1.3.300/gcc/dev/atmega32/avr5/crtatmega32.o (exit)
c:/program files (x86)/atmel/studio/7.0/toolchain/avr8/avr8-gnu-toolchain/bin/../lib/gcc/avr/5.4.0/avr5\libgcc.a(_copy_data.o)
                              App/UserStory_1.o (__do_copy_data)
c:/program files (x86)/atmel/studio/7.0/toolchain/avr8/avr8-gnu-toolchain/bin/../lib/gcc/avr/5.4.0/avr5\libgcc.a(_clear_bss.o)
                              App/UserStory_1.o (__do_clear_bss)
c:/program files (x86)/atmel/studio/7.0/toolchain/avr8/avr8-gnu-toolchain/bin/../lib/gcc/avr/5.4.0/../../../../avr/lib/avr5\libc.a(memcpy.o)
                              RTOS/queue.o (memcpy)
c:/program files (x86)/atmel/studio/7.0/toolchain/avr8/avr8-gnu-toolchain/bin/../lib/gcc/avr/5.4.0/../../../../avr/lib/avr5\libc.a(itoa_ncheck.o)
                              App/UserStory_3.o (__itoa_ncheck)
c:/program files (x86)/atmel/studio/7.0/toolchain/avr8/avr8-gnu-toolchain/bin/../lib/gcc/avr/5.4.0/../../../../avr/lib/avr5\libc.a(utoa_ncheck.o)
                              c:/program files (x86)/atmel/studio/7.0/toolchain/avr8/avr8-gnu-toolchain/bin/../lib/gcc/avr/5.4.0/../../../../avr/lib/avr5\libc.a(itoa_ncheck.o) (__utoa_common)
c:/program files (x86)/atmel/studio/7.0/toolchain/avr8/avr8-gnu-toolchain/bin/../lib/gcc/avr/5.4.0/../../../../avr/lib/avr5\libc.a(strrev.o)
                              c:/program files (x86)/atmel/studio/7.0/toolchain/avr8/avr8-gnu-toolchain/bin/../lib/gcc/avr/5.4.0/../../../../avr/lib/avr5\libc.a(utoa_ncheck.o) (strrev)

Allocating common symbols
Common symbol       size              file

xQueueRegistry      0x28              RTOS/queue.o

Discarded input sections

 .data          0x00000000        0x0 C:/Program Files (x86)/Atmel/Studio/7.0/Packs/atmel/ATmega_DFP/1.3.300/gcc/dev/atmega32/avr5/crtatmega32.o
 .bss           0x00000000        0x0 C:/Program Files (x86)/Atmel/Studio/7.0/Packs/atmel/ATmega_DFP/1.3.300/gcc/dev/atmega32/avr5/crtatmega32.o
 .text          0x00000000        0x0 App/app_tasks.o
 .data          0x00000000        0x0 App/app_tasks.o
 .bss           0x00000000        0x0 App/app_tasks.o
 .debug_line    0x00000000        0x0 App/app_tasks.o
 .debug_str     0x00000000      0x11e App/app_tasks.o
 .comment       0x00000000       0x31 App/app_tasks.o
 .text          0x00000000        0x0 App/UserStory_1.o
 .data          0x00000000        0x0 App/UserStory_1.o
 .bss           0x00000000        0x0 App/UserStory_1.o
 .text.TaskA    0x00000000       0x66 App/UserStory_1.o
 .text.TaskB    0x00000000       0x30 App/UserStory_1.o
 .text.TaskC    0x00000000       0x74 App/UserStory_1.o
 .rodata.str1.1
                0x00000000       0x16 App/UserStory_1.o
 .text.User1_StartApp
                0x00000000       0x6c App/UserStory_1.o
 .text.TaskD    0x00000000       0x28 App/UserStory_1.o
 .data.Data_C   0x00000000        0xe App/UserStory_1.o
 .data.Data_B   0x00000000        0xd App/UserStory_1.o
 .data.Q_Size   0x00000000        0x2 App/UserStory_1.o
 .bss.gu8_State
                0x00000000        0x1 App/UserStory_1.o
 .bss.LCD_Q     0x00000000        0x2 App/UserStory_1.o
 .debug_info    0x00000000      0x5e6 App/UserStory_1.o
 .debug_abbrev  0x00000000      0x16b App/UserStory_1.o
 .debug_loc     0x00000000      0x221 App/UserStory_1.o
 .debug_aranges
                0x00000000       0x40 App/UserStory_1.o
 .debug_ranges  0x00000000       0x30 App/UserStory_1.o
 .debug_line    0x00000000      0x244 App/UserStory_1.o
 .debug_str     0x00000000      0x34c App/UserStory_1.o
 .comment       0x00000000       0x31 App/UserStory_1.o
 .debug_frame   0x00000000       0xb4 App/UserStory_1.o
 .text          0x00000000        0x0 App/UserStory_2.o
 .data          0x00000000        0x0 App/UserStory_2.o
 .bss           0x00000000        0x0 App/UserStory_2.o
 .text.TaskA_2  0x00000000       0x30 App/UserStory_2.o
 .text.TaskB_2  0x00000000       0x30 App/UserStory_2.o
 .text.TaskC_2  0x00000000       0x6e App/UserStory_2.o
 .rodata.str1.1
                0x00000000       0x29 App/UserStory_2.o
 .text.TaskD_2  0x00000000       0x64 App/UserStory_2.o
 .text.User2_StartApp
                0x00000000       0x84 App/UserStory_2.o
 .data.Q_Size_2
                0x00000000        0x2 App/UserStory_2.o
 .bss.LCD_Q_2   0x00000000        0x2 App/UserStory_2.o
 .bss.gu8_Button2_State
                0x00000000        0x1 App/UserStory_2.o
 .bss.gu8_Button1_State
                0x00000000        0x1 App/UserStory_2.o
 .debug_info    0x00000000      0x5df App/UserStory_2.o
 .debug_abbrev  0x00000000      0x13d App/UserStory_2.o
 .debug_loc     0x00000000      0x213 App/UserStory_2.o
 .debug_aranges
                0x00000000       0x40 App/UserStory_2.o
 .debug_ranges  0x00000000       0x30 App/UserStory_2.o
 .debug_line    0x00000000      0x268 App/UserStory_2.o
 .debug_str     0x00000000      0x33d App/UserStory_2.o
 .comment       0x00000000       0x31 App/UserStory_2.o
 .debug_frame   0x00000000       0xb4 App/UserStory_2.o
 .text          0x00000000        0x0 App/UserStory_3.o
 .data          0x00000000        0x0 App/UserStory_3.o
 .bss           0x00000000        0x0 App/UserStory_3.o
 .text          0x00000000        0x0 ECUAL/LCD_Lib.o
 .data          0x00000000        0x0 ECUAL/LCD_Lib.o
 .bss           0x00000000        0x0 ECUAL/LCD_Lib.o
 .text.LCD_Write_float
                0x00000000        0x2 ECUAL/LCD_Lib.o
 .text          0x00000000        0x0 main.o
 .data          0x00000000        0x0 main.o
 .bss           0x00000000        0x0 main.o
 .text          0x00000000        0x0 RTOS/croutine.o
 .data          0x00000000        0x0 RTOS/croutine.o
 .bss           0x00000000        0x0 RTOS/croutine.o
 .debug_info    0x00000000       0x64 RTOS/croutine.o
 .debug_abbrev  0x00000000       0x26 RTOS/croutine.o
 .debug_aranges
                0x00000000       0x18 RTOS/croutine.o
 .debug_line    0x00000000       0x1a RTOS/croutine.o
 .debug_str     0x00000000      0x193 RTOS/croutine.o
 .comment       0x00000000       0x31 RTOS/croutine.o
 .text          0x00000000        0x0 RTOS/event_groups.o
 .data          0x00000000        0x0 RTOS/event_groups.o
 .bss           0x00000000        0x0 RTOS/event_groups.o
 .text.xEventGroupCreate
                0x00000000       0x26 RTOS/event_groups.o
 .text.xEventGroupWaitBits
                0x00000000      0x110 RTOS/event_groups.o
 .text.xEventGroupClearBits
                0x00000000       0x1e RTOS/event_groups.o
 .text.xEventGroupGetBitsFromISR
                0x00000000        0x8 RTOS/event_groups.o
 .text.xEventGroupSetBits
                0x00000000       0xdc RTOS/event_groups.o
 .text.xEventGroupSync
                0x00000000       0xd2 RTOS/event_groups.o
 .text.vEventGroupDelete
                0x00000000       0x32 RTOS/event_groups.o
 .text.vEventGroupSetBitsCallback
                0x00000000        0x8 RTOS/event_groups.o
 .text.vEventGroupClearBitsCallback
                0x00000000        0x8 RTOS/event_groups.o
 .debug_info    0x00000000      0x90b RTOS/event_groups.o
 .debug_abbrev  0x00000000      0x20c RTOS/event_groups.o
 .debug_loc     0x00000000      0xb78 RTOS/event_groups.o
 .debug_aranges
                0x00000000       0x60 RTOS/event_groups.o
 .debug_ranges  0x00000000       0x68 RTOS/event_groups.o
 .debug_line    0x00000000      0x399 RTOS/event_groups.o
 .debug_str     0x00000000      0x5a7 RTOS/event_groups.o
 .comment       0x00000000       0x31 RTOS/event_groups.o
 .debug_frame   0x00000000      0x158 RTOS/event_groups.o
 .text          0x00000000        0x0 RTOS/heap_1.o
 .data          0x00000000        0x0 RTOS/heap_1.o
 .bss           0x00000000        0x0 RTOS/heap_1.o
 .text.vPortInitialiseBlocks
                0x00000000        0xa RTOS/heap_1.o
 .text.xPortGetFreeHeapSize
                0x00000000       0x12 RTOS/heap_1.o
 .text          0x00000000        0x0 RTOS/list.o
 .data          0x00000000        0x0 RTOS/list.o
 .bss           0x00000000        0x0 RTOS/list.o
 .text          0x00000000        0x0 RTOS/port.o
 .data          0x00000000        0x0 RTOS/port.o
 .bss           0x00000000        0x0 RTOS/port.o
 .text.vPortEndScheduler
                0x00000000        0x2 RTOS/port.o
 .text          0x00000000        0x0 RTOS/queue.o
 .data          0x00000000        0x0 RTOS/queue.o
 .bss           0x00000000        0x0 RTOS/queue.o
 .text.xQueueCreateCountingSemaphore
                0x00000000       0x18 RTOS/queue.o
 .text.xQueueCreateMutex
                0x00000000       0x34 RTOS/queue.o
 .text.xQueueGiveMutexRecursive
                0x00000000       0x46 RTOS/queue.o
 .text.xQueueGenericSendFromISR
                0x00000000       0x9a RTOS/queue.o
 .text.xQueueGiveFromISR
                0x00000000       0x78 RTOS/queue.o
 .text.xQueueSemaphoreTake
                0x00000000      0x19a RTOS/queue.o
 .text.xQueueTakeMutexRecursive
                0x00000000       0x48 RTOS/queue.o
 .text.xQueuePeek
                0x00000000      0x132 RTOS/queue.o
 .text.xQueueReceiveFromISR
                0x00000000       0x6e RTOS/queue.o
 .text.xQueuePeekFromISR
                0x00000000       0x2e RTOS/queue.o
 .text.uxQueueMessagesWaiting
                0x00000000       0x10 RTOS/queue.o
 .text.uxQueueSpacesAvailable
                0x00000000       0x14 RTOS/queue.o
 .text.uxQueueMessagesWaitingFromISR
                0x00000000        0x6 RTOS/queue.o
 .text.xQueueIsQueueEmptyFromISR
                0x00000000        0xc RTOS/queue.o
 .text.xQueueIsQueueFullFromISR
                0x00000000        0xe RTOS/queue.o
 .text.vQueueAddToRegistry
                0x00000000       0x4e RTOS/queue.o
 .text.pcQueueGetName
                0x00000000       0x4e RTOS/queue.o
 .text.vQueueUnregisterQueue
                0x00000000       0x4e RTOS/queue.o
 .text.vQueueDelete
                0x00000000       0x16 RTOS/queue.o
 .text.xQueueCreateSet
                0x00000000        0xa RTOS/queue.o
 .text.xQueueAddToSet
                0x00000000       0x2a RTOS/queue.o
 .text.xQueueRemoveFromSet
                0x00000000       0x2c RTOS/queue.o
 .text.xQueueSelectFromSet
                0x00000000       0x28 RTOS/queue.o
 .text.xQueueSelectFromSetFromISR
                0x00000000       0x2a RTOS/queue.o
 COMMON         0x00000000       0x28 RTOS/queue.o
 .text          0x00000000        0x0 RTOS/stream_buffer.o
 .data          0x00000000        0x0 RTOS/stream_buffer.o
 .bss           0x00000000        0x0 RTOS/stream_buffer.o
 .text.prvBytesInBuffer
                0x00000000       0x26 RTOS/stream_buffer.o
 .text.prvWriteBytesToBuffer
                0x00000000       0x92 RTOS/stream_buffer.o
 .text.prvWriteMessageToBuffer
                0x00000000       0x82 RTOS/stream_buffer.o
 .text.prvReadBytesFromBuffer
                0x00000000       0x9e RTOS/stream_buffer.o
 .text.xStreamBufferGenericCreate
                0x00000000       0x5a RTOS/stream_buffer.o
 .text.vStreamBufferDelete
                0x00000000       0x1a RTOS/stream_buffer.o
 .text.xStreamBufferReset
                0x00000000       0x74 RTOS/stream_buffer.o
 .text.xStreamBufferSetTriggerLevel
                0x00000000       0x22 RTOS/stream_buffer.o
 .text.xStreamBufferSpacesAvailable
                0x00000000       0x24 RTOS/stream_buffer.o
 .text.xStreamBufferBytesAvailable
                0x00000000        0x6 RTOS/stream_buffer.o
 .text.xStreamBufferSend
                0x00000000      0x146 RTOS/stream_buffer.o
 .text.xStreamBufferSendFromISR
                0x00000000       0x8c RTOS/stream_buffer.o
 .text.xStreamBufferReceive
                0x00000000      0x148 RTOS/stream_buffer.o
 .text.xStreamBufferNextMessageLengthBytes
                0x00000000       0x66 RTOS/stream_buffer.o
 .text.xStreamBufferReceiveFromISR
                0x00000000       0xe6 RTOS/stream_buffer.o
 .text.xStreamBufferIsEmpty
                0x00000000       0x16 RTOS/stream_buffer.o
 .text.xStreamBufferIsFull
                0x00000000       0x2c RTOS/stream_buffer.o
 .text.xStreamBufferSendCompletedFromISR
                0x00000000       0x46 RTOS/stream_buffer.o
 .text.xStreamBufferReceiveCompletedFromISR
                0x00000000       0x46 RTOS/stream_buffer.o
 .debug_info    0x00000000     0x137e RTOS/stream_buffer.o
 .debug_abbrev  0x00000000      0x29b RTOS/stream_buffer.o
 .debug_loc     0x00000000     0x1cde RTOS/stream_buffer.o
 .debug_aranges
                0x00000000       0xb0 RTOS/stream_buffer.o
 .debug_ranges  0x00000000       0xa0 RTOS/stream_buffer.o
 .debug_line    0x00000000      0x745 RTOS/stream_buffer.o
 .debug_str     0x00000000      0x7bf RTOS/stream_buffer.o
 .comment       0x00000000       0x31 RTOS/stream_buffer.o
 .debug_frame   0x00000000      0x38c RTOS/stream_buffer.o
 .text          0x00000000        0x0 RTOS/tasks.o
 .data          0x00000000        0x0 RTOS/tasks.o
 .bss           0x00000000        0x0 RTOS/tasks.o
 .text.vTaskDelete
                0x00000000       0xaa RTOS/tasks.o
 .text.vTaskResume
                0x00000000       0x9e RTOS/tasks.o
 .text.xTaskResumeFromISR
                0x00000000       0xae RTOS/tasks.o
 .text.vTaskEndScheduler
                0x00000000        0xc RTOS/tasks.o
 .text.xTaskGetTickCountFromISR
                0x00000000        0xa RTOS/tasks.o
 .text.uxTaskGetNumberOfTasks
                0x00000000        0x6 RTOS/tasks.o
 .text.pcTaskGetName
                0x00000000       0x10 RTOS/tasks.o
 .text.vTaskDelay
                0x00000000       0x28 RTOS/tasks.o
 .text.vTaskSuspend
                0x00000000       0xa4 RTOS/tasks.o
 .text.vTaskPlaceOnUnorderedEventList
                0x00000000       0x32 RTOS/tasks.o
 .text.vTaskRemoveFromUnorderedEventList
                0x00000000       0x70 RTOS/tasks.o
 .text.vTaskSetTimeOutState
                0x00000000       0x20 RTOS/tasks.o
 .text.vTaskSetThreadLocalStoragePointer
                0x00000000       0x20 RTOS/tasks.o
 .text.pvTaskGetThreadLocalStoragePointer
                0x00000000       0x26 RTOS/tasks.o
 .text.xTaskGetCurrentTaskHandle
                0x00000000        0xa RTOS/tasks.o
 .text.xTaskPriorityInherit
                0x00000000       0xe4 RTOS/tasks.o
 .text.vTaskPriorityDisinheritAfterTimeout
                0x00000000       0xa0 RTOS/tasks.o
 .text.uxTaskResetEventItemValue
                0x00000000       0x2e RTOS/tasks.o
 .text.pvTaskIncrementMutexHeldCount
                0x00000000       0x24 RTOS/tasks.o
 .text.ulTaskNotifyTake
                0x00000000       0xae RTOS/tasks.o
 .text.xTaskNotifyWait
                0x00000000      0x108 RTOS/tasks.o
 .text.xTaskGenericNotify
                0x00000000       0xfc RTOS/tasks.o
 .text.xTaskGenericNotifyFromISR
                0x00000000      0x120 RTOS/tasks.o
 .text.vTaskNotifyGiveFromISR
                0x00000000       0xb4 RTOS/tasks.o
 .text.xTaskNotifyStateClear
                0x00000000       0x28 RTOS/tasks.o
 .text          0x00000000        0x0 RTOS/timers.o
 .data          0x00000000        0x0 RTOS/timers.o
 .bss           0x00000000        0x0 RTOS/timers.o
 .debug_info    0x00000000       0x64 RTOS/timers.o
 .debug_abbrev  0x00000000       0x26 RTOS/timers.o
 .debug_aranges
                0x00000000       0x18 RTOS/timers.o
 .debug_line    0x00000000       0x1a RTOS/timers.o
 .debug_str     0x00000000      0x191 RTOS/timers.o
 .comment       0x00000000       0x31 RTOS/timers.o
 .text          0x00000000        0x0 c:/program files (x86)/atmel/studio/7.0/toolchain/avr8/avr8-gnu-toolchain/bin/../lib/gcc/avr/5.4.0/avr5\libgcc.a(_exit.o)
 .data          0x00000000        0x0 c:/program files (x86)/atmel/studio/7.0/toolchain/avr8/avr8-gnu-toolchain/bin/../lib/gcc/avr/5.4.0/avr5\libgcc.a(_exit.o)
 .bss           0x00000000        0x0 c:/program files (x86)/atmel/studio/7.0/toolchain/avr8/avr8-gnu-toolchain/bin/../lib/gcc/avr/5.4.0/avr5\libgcc.a(_exit.o)
 .text.libgcc.mul
                0x00000000        0x0 c:/program files (x86)/atmel/studio/7.0/toolchain/avr8/avr8-gnu-toolchain/bin/../lib/gcc/avr/5.4.0/avr5\libgcc.a(_exit.o)
 .text.libgcc.div
                0x00000000        0x0 c:/program files (x86)/atmel/studio/7.0/toolchain/avr8/avr8-gnu-toolchain/bin/../lib/gcc/avr/5.4.0/avr5\libgcc.a(_exit.o)
 .text.libgcc   0x00000000        0x0 c:/program files (x86)/atmel/studio/7.0/toolchain/avr8/avr8-gnu-toolchain/bin/../lib/gcc/avr/5.4.0/avr5\libgcc.a(_exit.o)
 .text.libgcc.prologue
                0x00000000        0x0 c:/program files (x86)/atmel/studio/7.0/toolchain/avr8/avr8-gnu-toolchain/bin/../lib/gcc/avr/5.4.0/avr5\libgcc.a(_exit.o)
 .text.libgcc.builtins
                0x00000000        0x0 c:/program files (x86)/atmel/studio/7.0/toolchain/avr8/avr8-gnu-toolchain/bin/../lib/gcc/avr/5.4.0/avr5\libgcc.a(_exit.o)
 .text.libgcc.fmul
                0x00000000        0x0 c:/program files (x86)/atmel/studio/7.0/toolchain/avr8/avr8-gnu-toolchain/bin/../lib/gcc/avr/5.4.0/avr5\libgcc.a(_exit.o)
 .text.libgcc.fixed
                0x00000000        0x0 c:/program files (x86)/atmel/studio/7.0/toolchain/avr8/avr8-gnu-toolchain/bin/../lib/gcc/avr/5.4.0/avr5\libgcc.a(_exit.o)
 .text          0x00000000        0x0 c:/program files (x86)/atmel/studio/7.0/toolchain/avr8/avr8-gnu-toolchain/bin/../lib/gcc/avr/5.4.0/avr5\libgcc.a(_copy_data.o)
 .data          0x00000000        0x0 c:/program files (x86)/atmel/studio/7.0/toolchain/avr8/avr8-gnu-toolchain/bin/../lib/gcc/avr/5.4.0/avr5\libgcc.a(_copy_data.o)
 .bss           0x00000000        0x0 c:/program files (x86)/atmel/studio/7.0/toolchain/avr8/avr8-gnu-toolchain/bin/../lib/gcc/avr/5.4.0/avr5\libgcc.a(_copy_data.o)
 .text.libgcc.mul
                0x00000000        0x0 c:/program files (x86)/atmel/studio/7.0/toolchain/avr8/avr8-gnu-toolchain/bin/../lib/gcc/avr/5.4.0/avr5\libgcc.a(_copy_data.o)
 .text.libgcc.div
                0x00000000        0x0 c:/program files (x86)/atmel/studio/7.0/toolchain/avr8/avr8-gnu-toolchain/bin/../lib/gcc/avr/5.4.0/avr5\libgcc.a(_copy_data.o)
 .text.libgcc   0x00000000        0x0 c:/program files (x86)/atmel/studio/7.0/toolchain/avr8/avr8-gnu-toolchain/bin/../lib/gcc/avr/5.4.0/avr5\libgcc.a(_copy_data.o)
 .text.libgcc.prologue
                0x00000000        0x0 c:/program files (x86)/atmel/studio/7.0/toolchain/avr8/avr8-gnu-toolchain/bin/../lib/gcc/avr/5.4.0/avr5\libgcc.a(_copy_data.o)
 .text.libgcc.builtins
                0x00000000        0x0 c:/program files (x86)/atmel/studio/7.0/toolchain/avr8/avr8-gnu-toolchain/bin/../lib/gcc/avr/5.4.0/avr5\libgcc.a(_copy_data.o)
 .text.libgcc.fmul
                0x00000000        0x0 c:/program files (x86)/atmel/studio/7.0/toolchain/avr8/avr8-gnu-toolchain/bin/../lib/gcc/avr/5.4.0/avr5\libgcc.a(_copy_data.o)
 .text.libgcc.fixed
                0x00000000        0x0 c:/program files (x86)/atmel/studio/7.0/toolchain/avr8/avr8-gnu-toolchain/bin/../lib/gcc/avr/5.4.0/avr5\libgcc.a(_copy_data.o)
 .text          0x00000000        0x0 c:/program files (x86)/atmel/studio/7.0/toolchain/avr8/avr8-gnu-toolchain/bin/../lib/gcc/avr/5.4.0/avr5\libgcc.a(_clear_bss.o)
 .data          0x00000000        0x0 c:/program files (x86)/atmel/studio/7.0/toolchain/avr8/avr8-gnu-toolchain/bin/../lib/gcc/avr/5.4.0/avr5\libgcc.a(_clear_bss.o)
 .bss           0x00000000        0x0 c:/program files (x86)/atmel/studio/7.0/toolchain/avr8/avr8-gnu-toolchain/bin/../lib/gcc/avr/5.4.0/avr5\libgcc.a(_clear_bss.o)
 .text.libgcc.mul
                0x00000000        0x0 c:/program files (x86)/atmel/studio/7.0/toolchain/avr8/avr8-gnu-toolchain/bin/../lib/gcc/avr/5.4.0/avr5\libgcc.a(_clear_bss.o)
 .text.libgcc.div
                0x00000000        0x0 c:/program files (x86)/atmel/studio/7.0/toolchain/avr8/avr8-gnu-toolchain/bin/../lib/gcc/avr/5.4.0/avr5\libgcc.a(_clear_bss.o)
 .text.libgcc   0x00000000        0x0 c:/program files (x86)/atmel/studio/7.0/toolchain/avr8/avr8-gnu-toolchain/bin/../lib/gcc/avr/5.4.0/avr5\libgcc.a(_clear_bss.o)
 .text.libgcc.prologue
                0x00000000        0x0 c:/program files (x86)/atmel/studio/7.0/toolchain/avr8/avr8-gnu-toolchain/bin/../lib/gcc/avr/5.4.0/avr5\libgcc.a(_clear_bss.o)
 .text.libgcc.builtins
                0x00000000        0x0 c:/program files (x86)/atmel/studio/7.0/toolchain/avr8/avr8-gnu-toolchain/bin/../lib/gcc/avr/5.4.0/avr5\libgcc.a(_clear_bss.o)
 .text.libgcc.fmul
                0x00000000        0x0 c:/program files (x86)/atmel/studio/7.0/toolchain/avr8/avr8-gnu-toolchain/bin/../lib/gcc/avr/5.4.0/avr5\libgcc.a(_clear_bss.o)
 .text.libgcc.fixed
                0x00000000        0x0 c:/program files (x86)/atmel/studio/7.0/toolchain/avr8/avr8-gnu-toolchain/bin/../lib/gcc/avr/5.4.0/avr5\libgcc.a(_clear_bss.o)
 .text          0x00000000        0x0 c:/program files (x86)/atmel/studio/7.0/toolchain/avr8/avr8-gnu-toolchain/bin/../lib/gcc/avr/5.4.0/../../../../avr/lib/avr5\libc.a(memcpy.o)
 .data          0x00000000        0x0 c:/program files (x86)/atmel/studio/7.0/toolchain/avr8/avr8-gnu-toolchain/bin/../lib/gcc/avr/5.4.0/../../../../avr/lib/avr5\libc.a(memcpy.o)
 .bss           0x00000000        0x0 c:/program files (x86)/atmel/studio/7.0/toolchain/avr8/avr8-gnu-toolchain/bin/../lib/gcc/avr/5.4.0/../../../../avr/lib/avr5\libc.a(memcpy.o)
 .text          0x00000000        0x0 c:/program files (x86)/atmel/studio/7.0/toolchain/avr8/avr8-gnu-toolchain/bin/../lib/gcc/avr/5.4.0/../../../../avr/lib/avr5\libc.a(itoa_ncheck.o)
 .data          0x00000000        0x0 c:/program files (x86)/atmel/studio/7.0/toolchain/avr8/avr8-gnu-toolchain/bin/../lib/gcc/avr/5.4.0/../../../../avr/lib/avr5\libc.a(itoa_ncheck.o)
 .bss           0x00000000        0x0 c:/program files (x86)/atmel/studio/7.0/toolchain/avr8/avr8-gnu-toolchain/bin/../lib/gcc/avr/5.4.0/../../../../avr/lib/avr5\libc.a(itoa_ncheck.o)
 .text          0x00000000        0x0 c:/program files (x86)/atmel/studio/7.0/toolchain/avr8/avr8-gnu-toolchain/bin/../lib/gcc/avr/5.4.0/../../../../avr/lib/avr5\libc.a(utoa_ncheck.o)
 .data          0x00000000        0x0 c:/program files (x86)/atmel/studio/7.0/toolchain/avr8/avr8-gnu-toolchain/bin/../lib/gcc/avr/5.4.0/../../../../avr/lib/avr5\libc.a(utoa_ncheck.o)
 .bss           0x00000000        0x0 c:/program files (x86)/atmel/studio/7.0/toolchain/avr8/avr8-gnu-toolchain/bin/../lib/gcc/avr/5.4.0/../../../../avr/lib/avr5\libc.a(utoa_ncheck.o)
 .text          0x00000000        0x0 c:/program files (x86)/atmel/studio/7.0/toolchain/avr8/avr8-gnu-toolchain/bin/../lib/gcc/avr/5.4.0/../../../../avr/lib/avr5\libc.a(strrev.o)
 .data          0x00000000        0x0 c:/program files (x86)/atmel/studio/7.0/toolchain/avr8/avr8-gnu-toolchain/bin/../lib/gcc/avr/5.4.0/../../../../avr/lib/avr5\libc.a(strrev.o)
 .bss           0x00000000        0x0 c:/program files (x86)/atmel/studio/7.0/toolchain/avr8/avr8-gnu-toolchain/bin/../lib/gcc/avr/5.4.0/../../../../avr/lib/avr5\libc.a(strrev.o)

Memory Configuration

Name             Origin             Length             Attributes
text             0x00000000         0x00020000         xr
data             0x00800060         0x0000ffa0         rw !x
eeprom           0x00810000         0x00010000         rw !x
fuse             0x00820000         0x00000002         rw !x
lock             0x00830000         0x00000400         rw !x
signature        0x00840000         0x00000400         rw !x
user_signatures  0x00850000         0x00000400         rw !x
*default*        0x00000000         0xffffffff

Linker script and memory map

LOAD C:/Program Files (x86)/Atmel/Studio/7.0/Packs/atmel/ATmega_DFP/1.3.300/gcc/dev/atmega32/avr5/crtatmega32.o
LOAD App/app_tasks.o
LOAD App/UserStory_1.o
LOAD App/UserStory_2.o
LOAD App/UserStory_3.o
LOAD ECUAL/LCD_Lib.o
LOAD main.o
LOAD RTOS/croutine.o
LOAD RTOS/event_groups.o
LOAD RTOS/heap_1.o
LOAD RTOS/list.o
LOAD RTOS/port.o
LOAD RTOS/queue.o
LOAD RTOS/stream_buffer.o
LOAD RTOS/tasks.o
LOAD RTOS/timers.o
START GROUP
LOAD c:/program files (x86)/atmel/studio/7.0/toolchain/avr8/avr8-gnu-toolchain/bin/../lib/gcc/avr/5.4.0/../../../../avr/lib/avr5\libm.a
END GROUP
START GROUP
LOAD c:/program files (x86)/atmel/studio/7.0/toolchain/avr8/avr8-gnu-toolchain/bin/../lib/gcc/avr/5.4.0/avr5\libgcc.a
LOAD c:/program files (x86)/atmel/studio/7.0/toolchain/avr8/avr8-gnu-toolchain/bin/../lib/gcc/avr/5.4.0/../../../../avr/lib/avr5\libm.a
LOAD c:/program files (x86)/atmel/studio/7.0/toolchain/avr8/avr8-gnu-toolchain/bin/../lib/gcc/avr/5.4.0/../../../../avr/lib/avr5\libc.a
LOAD C:/Program Files (x86)/Atmel/Studio/7.0/Packs/atmel/ATmega_DFP/1.3.300/gcc/dev/atmega32/avr5\libatmega32.a
END GROUP
                0x00000000                __TEXT_REGION_ORIGIN__ = DEFINED (__TEXT_REGION_ORIGIN__)?__TEXT_REGION_ORIGIN__:0x0
                0x00800060                __DATA_REGION_ORIGIN__ = DEFINED (__DATA_REGION_ORIGIN__)?__DATA_REGION_ORIGIN__:0x800060
                0x00020000                __TEXT_REGION_LENGTH__ = DEFINED (__TEXT_REGION_LENGTH__)?__TEXT_REGION_LENGTH__:0x20000
                0x0000ffa0                __DATA_REGION_LENGTH__ = DEFINED (__DATA_REGION_LENGTH__)?__DATA_REGION_LENGTH__:0xffa0
                0x00010000                __EEPROM_REGION_LENGTH__ = DEFINED (__EEPROM_REGION_LENGTH__)?__EEPROM_REGION_LENGTH__:0x10000
                [0x00000002]                __FUSE_REGION_LENGTH__ = DEFINED (__FUSE_REGION_LENGTH__)?__FUSE_REGION_LENGTH__:0x400
                0x00000400                __LOCK_REGION_LENGTH__ = DEFINED (__LOCK_REGION_LENGTH__)?__LOCK_REGION_LENGTH__:0x400
                0x00000400                __SIGNATURE_REGION_LENGTH__ = DEFINED (__SIGNATURE_REGION_LENGTH__)?__SIGNATURE_REGION_LENGTH__:0x400
                0x00000400                __USER_SIGNATURE_REGION_LENGTH__ = DEFINED (__USER_SIGNATURE_REGION_LENGTH__)?__USER_SIGNATURE_REGION_LENGTH__:0x400

.hash
 *(.hash)

.dynsym
 *(.dynsym)

.dynstr
 *(.dynstr)

.gnu.version
 *(.gnu.version)

.gnu.version_d
 *(.gnu.version_d)

.gnu.version_r
 *(.gnu.version_r)

.rel.init
 *(.rel.init)

.rela.init
 *(.rela.init)

.rel.text
 *(.rel.text)
 *(.rel.text.*)
 *(.rel.gnu.linkonce.t*)

.rela.text
 *(.rela.text)
 *(.rela.text.*)
 *(.rela.gnu.linkonce.t*)

.rel.fini
 *(.rel.fini)

.rela.fini
 *(.rela.fini)

.rel.rodata
 *(.rel.rodata)
 *(.rel.rodata.*)
 *(.rel.gnu.linkonce.r*)

.rela.rodata
 *(.rela.rodata)
 *(.rela.rodata.*)
 *(.rela.gnu.linkonce.r*)

.rel.data
 *(.rel.data)
 *(.rel.data.*)
 *(.rel.gnu.linkonce.d*)

.rela.data
 *(.rela.data)
 *(.rela.data.*)
 *(.rela.gnu.linkonce.d*)

.rel.ctors
 *(.rel.ctors)

.rela.ctors
 *(.rela.ctors)

.rel.dtors
 *(.rel.dtors)

.rela.dtors
 *(.rela.dtors)

.rel.got
 *(.rel.got)

.rela.got
 *(.rela.got)

.rel.bss
 *(.rel.bss)

.rela.bss
 *(.rela.bss)

.rel.plt
 *(.rel.plt)

.rela.plt
 *(.rela.plt)

.text           0x00000000     0x17f4
 *(.vectors)
 .vectors       0x00000000       0x54 C:/Program Files (x86)/Atmel/Studio/7.0/Packs/atmel/ATmega_DFP/1.3.300/gcc/dev/atmega32/avr5/crtatmega32.o
                0x00000000                __vector_default
                0x00000000                __vectors
 *(.vectors)
 *(.progmem.gcc*)
                0x00000054                . = ALIGN (0x2)
                0x00000054                __trampolines_start = .
 *(.trampolines)
 .trampolines   0x00000054        0x0 linker stubs
 *(.trampolines*)
                0x00000054                __trampolines_end = .
 *libprintf_flt.a:*(.progmem.data)
 *libc.a:*(.progmem.data)
 *(.progmem*)
                0x00000054                . = ALIGN (0x2)
 *(.jumptables)
 *(.jumptables*)
 *(.lowtext)
 *(.lowtext*)
                0x00000054                __ctors_start = .
 *(.ctors)
                0x00000054                __ctors_end = .
                0x00000054                __dtors_start = .
 *(.dtors)
                0x00000054                __dtors_end = .
 SORT(*)(.ctors)
 SORT(*)(.dtors)
 *(.init0)
 .init0         0x00000054        0x0 C:/Program Files (x86)/Atmel/Studio/7.0/Packs/atmel/ATmega_DFP/1.3.300/gcc/dev/atmega32/avr5/crtatmega32.o
                0x00000054                __init
 *(.init0)
 *(.init1)
 *(.init1)
 *(.init2)
 .init2         0x00000054        0xc C:/Program Files (x86)/Atmel/Studio/7.0/Packs/atmel/ATmega_DFP/1.3.300/gcc/dev/atmega32/avr5/crtatmega32.o
 *(.init2)
 *(.init3)
 *(.init3)
 *(.init4)
 .init4         0x00000060       0x16 c:/program files (x86)/atmel/studio/7.0/toolchain/avr8/avr8-gnu-toolchain/bin/../lib/gcc/avr/5.4.0/avr5\libgcc.a(_copy_data.o)
                0x00000060                __do_copy_data
 .init4         0x00000076       0x10 c:/program files (x86)/atmel/studio/7.0/toolchain/avr8/avr8-gnu-toolchain/bin/../lib/gcc/avr/5.4.0/avr5\libgcc.a(_clear_bss.o)
                0x00000076                __do_clear_bss
 *(.init4)
 *(.init5)
 *(.init5)
 *(.init6)
 *(.init6)
 *(.init7)
 *(.init7)
 *(.init8)
 *(.init8)
 *(.init9)
 .init9         0x00000086        0x8 C:/Program Files (x86)/Atmel/Studio/7.0/Packs/atmel/ATmega_DFP/1.3.300/gcc/dev/atmega32/avr5/crtatmega32.o
 *(.init9)
 *(.text)
 .text          0x0000008e        0x4 C:/Program Files (x86)/Atmel/Studio/7.0/Packs/atmel/ATmega_DFP/1.3.300/gcc/dev/atmega32/avr5/crtatmega32.o
                0x0000008e                __vector_1
                0x0000008e                __vector_12
                0x0000008e                __bad_interrupt
                0x0000008e                __vector_6
                0x0000008e                __vector_3
                0x0000008e                __vector_11
                0x0000008e                __vector_13
                0x0000008e                __vector_17
                0x0000008e                __vector_19
                0x0000008e                __vector_5
                0x0000008e                __vector_4
                0x0000008e                __vector_9
                0x0000008e                __vector_2
                0x0000008e                __vector_15
                0x0000008e                __vector_8
                0x0000008e                __vector_14
                0x0000008e                __vector_10
                0x0000008e                __vector_16
                0x0000008e                __vector_18
                0x0000008e                __vector_20
                0x00000092                . = ALIGN (0x2)
 *(.text.*)
 .text.TaskA_3  0x00000092       0x30 App/UserStory_3.o
                0x00000092                TaskA_3
 .text.TaskB_3  0x000000c2       0x30 App/UserStory_3.o
                0x000000c2                TaskB_3
 .text.TaskC_3  0x000000f2       0x9e App/UserStory_3.o
                0x000000f2                TaskC_3
 .text.TaskD_3  0x00000190      0x110 App/UserStory_3.o
                0x00000190                TaskD_3
 .text.User3_StartApp
                0x000002a0       0x7e App/UserStory_3.o
                0x000002a0                User3_StartApp
 .text.LCD_READ
                0x0000031e       0x1a ECUAL/LCD_Lib.o
 .text.LCD_Write_4bit_mode
                0x00000338       0x60 ECUAL/LCD_Lib.o
 .text.LCD_Write_Command
                0x00000398        0xa ECUAL/LCD_Lib.o
                0x00000398                LCD_Write_Command
 .text.LCD_Go_To_X_Y
                0x000003a2       0x1c ECUAL/LCD_Lib.o
                0x000003a2                LCD_Go_To_X_Y
 .text.LCD_Write_Character
                0x000003be        0xa ECUAL/LCD_Lib.o
                0x000003be                LCD_Write_Character
 .text.LCD_Write_String
                0x000003c8       0x1e ECUAL/LCD_Lib.o
                0x000003c8                LCD_Write_String
 .text.LCD_Initialization
                0x000003e6       0x3a ECUAL/LCD_Lib.o
                0x000003e6                LCD_Initialization
 .text.main     0x00000420        0xa main.o
                0x00000420                main
 .text.pvPortMalloc
                0x0000042a       0x6a RTOS/heap_1.o
                0x0000042a                pvPortMalloc
 .text.vPortFree
                0x00000494        0x2 RTOS/heap_1.o
                0x00000494                vPortFree
 .text.vListInitialise
                0x00000496       0x1c RTOS/list.o
                0x00000496                vListInitialise
 .text.vListInitialiseItem
                0x000004b2        0x8 RTOS/list.o
                0x000004b2                vListInitialiseItem
 .text.vListInsertEnd
                0x000004ba       0x42 RTOS/list.o
                0x000004ba                vListInsertEnd
 .text.vListInsert
                0x000004fc       0x62 RTOS/list.o
                0x000004fc                vListInsert
 .text.uxListRemove
                0x0000055e       0x4e RTOS/list.o
                0x0000055e                uxListRemove
 .text.pxPortInitialiseStack
                0x000005ac       0xd8 RTOS/port.o
                0x000005ac                pxPortInitialiseStack
 .text.xPortStartScheduler
                0x00000684       0x6a RTOS/port.o
                0x00000684                xPortStartScheduler
 .text.vPortYield
                0x000006ee       0xb2 RTOS/port.o
                0x000006ee                vPortYield
 .text.vPortYieldFromTick
                0x000007a0       0xb8 RTOS/port.o
                0x000007a0                vPortYieldFromTick
 .text.__vector_7
                0x00000858        0x6 RTOS/port.o
                0x00000858                __vector_7
 .text.prvIsQueueEmpty
                0x0000085e       0x16 RTOS/queue.o
 .text.prvCopyDataToQueue
                0x00000874       0xbe RTOS/queue.o
 .text.prvNotifyQueueSetContainer
                0x00000932       0x76 RTOS/queue.o
 .text.prvCopyDataFromQueue
                0x000009a8       0x34 RTOS/queue.o
 .text.prvUnlockQueue
                0x000009dc       0xac RTOS/queue.o
 .text.xQueueGenericReset
                0x00000a88       0x8c RTOS/queue.o
                0x00000a88                xQueueGenericReset
 .text.xQueueGenericCreate
                0x00000b14       0x5e RTOS/queue.o
                0x00000b14                xQueueGenericCreate
 .text.xQueueGenericSend
                0x00000b72      0x18c RTOS/queue.o
                0x00000b72                xQueueGenericSend
 .text.xQueueReceive
                0x00000cfe      0x132 RTOS/queue.o
                0x00000cfe                xQueueReceive
 .text.prvResetNextTaskUnblockTime
                0x00000e30       0x3e RTOS/tasks.o
 .text.prvIdleTask
                0x00000e6e       0x58 RTOS/tasks.o
 .text.prvAddCurrentTaskToDelayedList
                0x00000ec6       0xb0 RTOS/tasks.o
 .text.xTaskCreate
                0x00000f76      0x240 RTOS/tasks.o
                0x00000f76                xTaskCreate
 .text.vTaskStartScheduler
                0x000011b6       0x54 RTOS/tasks.o
                0x000011b6                vTaskStartScheduler
 .text.vTaskSuspendAll
                0x0000120a        0xc RTOS/tasks.o
                0x0000120a                vTaskSuspendAll
 .text.xTaskGetTickCount
                0x00001216       0x14 RTOS/tasks.o
                0x00001216                xTaskGetTickCount
 .text.xTaskIncrementTick
                0x0000122a      0x146 RTOS/tasks.o
                0x0000122a                xTaskIncrementTick
 .text.xTaskResumeAll
                0x00001370       0xfe RTOS/tasks.o
                0x00001370                xTaskResumeAll
 .text.vTaskDelayUntil
                0x0000146e       0x7c RTOS/tasks.o
                0x0000146e                vTaskDelayUntil
 .text.vTaskSwitchContext
                0x000014ea       0xcc RTOS/tasks.o
                0x000014ea                vTaskSwitchContext
 .text.vTaskPlaceOnEventList
                0x000015b6       0x24 RTOS/tasks.o
                0x000015b6                vTaskPlaceOnEventList
 .text.xTaskRemoveFromEventList
                0x000015da       0x90 RTOS/tasks.o
                0x000015da                xTaskRemoveFromEventList
 .text.vTaskInternalSetTimeOutState
                0x0000166a       0x16 RTOS/tasks.o
                0x0000166a                vTaskInternalSetTimeOutState
 .text.xTaskCheckForTimeOut
                0x00001680       0x6c RTOS/tasks.o
                0x00001680                xTaskCheckForTimeOut
 .text.vTaskMissedYield
                0x000016ec        0x8 RTOS/tasks.o
                0x000016ec                vTaskMissedYield
 .text.xTaskPriorityDisinherit
                0x000016f4       0x80 RTOS/tasks.o
                0x000016f4                xTaskPriorityDisinherit
 .text.avr-libc
                0x00001774       0x12 c:/program files (x86)/atmel/studio/7.0/toolchain/avr8/avr8-gnu-toolchain/bin/../lib/gcc/avr/5.4.0/../../../../avr/lib/avr5\libc.a(memcpy.o)
                0x00001774                memcpy
 .text.avr-libc
                0x00001786       0x16 c:/program files (x86)/atmel/studio/7.0/toolchain/avr8/avr8-gnu-toolchain/bin/../lib/gcc/avr/5.4.0/../../../../avr/lib/avr5\libc.a(itoa_ncheck.o)
                0x00001786                __itoa_ncheck
 .text.avr-libc
                0x0000179c       0x34 c:/program files (x86)/atmel/studio/7.0/toolchain/avr8/avr8-gnu-toolchain/bin/../lib/gcc/avr/5.4.0/../../../../avr/lib/avr5\libc.a(utoa_ncheck.o)
                0x0000179c                __utoa_ncheck
                0x0000179e                __utoa_common
 .text.avr-libc
                0x000017d0       0x20 c:/program files (x86)/atmel/studio/7.0/toolchain/avr8/avr8-gnu-toolchain/bin/../lib/gcc/avr/5.4.0/../../../../avr/lib/avr5\libc.a(strrev.o)
                0x000017d0                strrev
                0x000017f0                . = ALIGN (0x2)
 *(.fini9)
 .fini9         0x000017f0        0x0 c:/program files (x86)/atmel/studio/7.0/toolchain/avr8/avr8-gnu-toolchain/bin/../lib/gcc/avr/5.4.0/avr5\libgcc.a(_exit.o)
                0x000017f0                _exit
                0x000017f0                exit
 *(.fini9)
 *(.fini8)
 *(.fini8)
 *(.fini7)
 *(.fini7)
 *(.fini6)
 *(.fini6)
 *(.fini5)
 *(.fini5)
 *(.fini4)
 *(.fini4)
 *(.fini3)
 *(.fini3)
 *(.fini2)
 *(.fini2)
 *(.fini1)
 *(.fini1)
 *(.fini0)
 .fini0         0x000017f0        0x4 c:/program files (x86)/atmel/studio/7.0/toolchain/avr8/avr8-gnu-toolchain/bin/../lib/gcc/avr/5.4.0/avr5\libgcc.a(_exit.o)
 *(.fini0)
                0x000017f4                _etext = .

.data           0x00800060       0x2e load address 0x000017f4
                0x00800060                PROVIDE (__data_start, .)
 *(.data)
 *(.data*)
 .data.Q_Size_3
                0x00800060        0x4 App/UserStory_3.o
                0x00800060                Q_Size_3
 *(.gnu.linkonce.d*)
 *(.rodata)
 *(.rodata*)
 .rodata.str1.1
                0x00800064       0x24 App/UserStory_3.o
 .rodata.str1.1
                0x00800088        0x5 RTOS/tasks.o
 *(.gnu.linkonce.r*)
                0x0080008e                . = ALIGN (0x2)
 *fill*         0x0080008d        0x1 
                0x0080008e                _edata = .
                0x0080008e                PROVIDE (__data_end, .)

.bss            0x0080008e      0x654
                0x0080008e                PROVIDE (__bss_start, .)
 *(.bss)
 *(.bss*)
 .bss.gu8_Restart
                0x0080008e        0x1 App/UserStory_3.o
 .bss.LCD_Q_3   0x0080008f        0x2 App/UserStory_3.o
                0x0080008f                LCD_Q_3
 .bss.gu8_Button2_State
                0x00800091        0x1 App/UserStory_3.o
 .bss.gu8_Button1_State
                0x00800092        0x1 App/UserStory_3.o
 .bss.pucAlignedHeap.2094
                0x00800093        0x2 RTOS/heap_1.o
 .bss.xNextFreeByte
                0x00800095        0x2 RTOS/heap_1.o
 .bss.ucHeap    0x00800097      0x5dc RTOS/heap_1.o
 .bss.uxSchedulerSuspended
                0x00800673        0x1 RTOS/tasks.o
 .bss.xIdleTaskHandle
                0x00800674        0x2 RTOS/tasks.o
 .bss.xNextTaskUnblockTime
                0x00800676        0x2 RTOS/tasks.o
 .bss.uxTaskNumber
                0x00800678        0x1 RTOS/tasks.o
 .bss.xNumOfOverflows
                0x00800679        0x1 RTOS/tasks.o
 .bss.xYieldPending
                0x0080067a        0x1 RTOS/tasks.o
 .bss.uxPendedTicks
                0x0080067b        0x1 RTOS/tasks.o
 .bss.xSchedulerRunning
                0x0080067c        0x1 RTOS/tasks.o
 .bss.uxTopReadyPriority
                0x0080067d        0x1 RTOS/tasks.o
 .bss.xTickCount
                0x0080067e        0x2 RTOS/tasks.o
 .bss.uxCurrentNumberOfTasks
                0x00800680        0x1 RTOS/tasks.o
 .bss.xSuspendedTaskList
                0x00800681        0x9 RTOS/tasks.o
 .bss.uxDeletedTasksWaitingCleanUp
                0x0080068a        0x1 RTOS/tasks.o
 .bss.xTasksWaitingTermination
                0x0080068b        0x9 RTOS/tasks.o
 .bss.xPendingReadyList
                0x00800694        0x9 RTOS/tasks.o
 .bss.pxOverflowDelayedTaskList
                0x0080069d        0x2 RTOS/tasks.o
 .bss.pxDelayedTaskList
                0x0080069f        0x2 RTOS/tasks.o
 .bss.xDelayedTaskList2
                0x008006a1        0x9 RTOS/tasks.o
 .bss.xDelayedTaskList1
                0x008006aa        0x9 RTOS/tasks.o
 .bss.pxReadyTasksLists
                0x008006b3       0x2d RTOS/tasks.o
 .bss.pxCurrentTCB
                0x008006e0        0x2 RTOS/tasks.o
                0x008006e0                pxCurrentTCB
 *(COMMON)
                0x008006e2                PROVIDE (__bss_end, .)
                0x000017f4                __data_load_start = LOADADDR (.data)
                0x00001822                __data_load_end = (__data_load_start + SIZEOF (.data))

.noinit         0x008006e2        0x0
                [!provide]                PROVIDE (__noinit_start, .)
 *(.noinit*)
                [!provide]                PROVIDE (__noinit_end, .)
                0x008006e2                _end = .
                [!provide]                PROVIDE (__heap_start, .)

.eeprom         0x00810000        0x0
 *(.eeprom*)
                0x00810000                __eeprom_end = .

.fuse
 *(.fuse)
 *(.lfuse)
 *(.hfuse)
 *(.efuse)

.lock
 *(.lock*)

.signature
 *(.signature*)

.user_signatures
 *(.user_signatures*)

.stab
 *(.stab)

.stabstr
 *(.stabstr)

.stab.excl
 *(.stab.excl)

.stab.exclstr
 *(.stab.exclstr)

.stab.index
 *(.stab.index)

.stab.indexstr
 *(.stab.indexstr)

.comment        0x00000000       0x30
 *(.comment)
 .comment       0x00000000       0x30 App/UserStory_3.o
                                 0x31 (size before relaxing)
 .comment       0x00000030       0x31 ECUAL/LCD_Lib.o
 .comment       0x00000030       0x31 main.o
 .comment       0x00000030       0x31 RTOS/heap_1.o
 .comment       0x00000030       0x31 RTOS/list.o
 .comment       0x00000030       0x31 RTOS/port.o
 .comment       0x00000030       0x31 RTOS/queue.o
 .comment       0x00000030       0x31 RTOS/tasks.o

.note.gnu.avr.deviceinfo
                0x00000000       0x3c
 .note.gnu.avr.deviceinfo
                0x00000000       0x3c C:/Program Files (x86)/Atmel/Studio/7.0/Packs/atmel/ATmega_DFP/1.3.300/gcc/dev/atmega32/avr5/crtatmega32.o

.note.gnu.build-id
 *(.note.gnu.build-id)

.debug
 *(.debug)

.line
 *(.line)

.debug_srcinfo
 *(.debug_srcinfo)

.debug_sfnames
 *(.debug_sfnames)

.debug_aranges  0x00000000      0x400
 *(.debug_aranges)
 .debug_aranges
                0x00000000       0x40 App/UserStory_3.o
 .debug_aranges
                0x00000040       0x58 ECUAL/LCD_Lib.o
 .debug_aranges
                0x00000098       0x20 main.o
 .debug_aranges
                0x000000b8       0x38 RTOS/heap_1.o
 .debug_aranges
                0x000000f0       0x40 RTOS/list.o
 .debug_aranges
                0x00000130       0x48 RTOS/port.o
 .debug_aranges
                0x00000178      0x120 RTOS/queue.o
 .debug_aranges
                0x00000298      0x168 RTOS/tasks.o

.debug_pubnames
 *(.debug_pubnames)

.debug_info     0x00000000     0x52b9
 *(.debug_info .gnu.linkonce.wi.*)
 .debug_info    0x00000000      0x4e6 C:/Program Files (x86)/Atmel/Studio/7.0/Packs/atmel/ATmega_DFP/1.3.300/gcc/dev/atmega32/avr5/crtatmega32.o
 .debug_info    0x000004e6      0x80c App/UserStory_3.o
 .debug_info    0x00000cf2      0x3b8 ECUAL/LCD_Lib.o
 .debug_info    0x000010aa       0xce main.o
 .debug_info    0x00001178      0x1a4 RTOS/heap_1.o
 .debug_info    0x0000131c      0x2d8 RTOS/list.o
 .debug_info    0x000015f4      0x263 RTOS/port.o
 .debug_info    0x00001857     0x1cb0 RTOS/queue.o
 .debug_info    0x00003507     0x1db2 RTOS/tasks.o

.debug_abbrev   0x00000000     0x1264
 *(.debug_abbrev)
 .debug_abbrev  0x00000000      0x4a3 C:/Program Files (x86)/Atmel/Studio/7.0/Packs/atmel/ATmega_DFP/1.3.300/gcc/dev/atmega32/avr5/crtatmega32.o
 .debug_abbrev  0x000004a3      0x1e9 App/UserStory_3.o
 .debug_abbrev  0x0000068c      0x1ad ECUAL/LCD_Lib.o
 .debug_abbrev  0x00000839       0x7e main.o
 .debug_abbrev  0x000008b7      0x11c RTOS/heap_1.o
 .debug_abbrev  0x000009d3       0xff RTOS/list.o
 .debug_abbrev  0x00000ad2      0x155 RTOS/port.o
 .debug_abbrev  0x00000c27      0x30a RTOS/queue.o
 .debug_abbrev  0x00000f31      0x333 RTOS/tasks.o

.debug_line     0x00000000     0x2c7e
 *(.debug_line .debug_line.* .debug_line_end)
 .debug_line    0x00000000      0x115 C:/Program Files (x86)/Atmel/Studio/7.0/Packs/atmel/ATmega_DFP/1.3.300/gcc/dev/atmega32/avr5/crtatmega32.o
 .debug_line    0x00000115      0x37d App/UserStory_3.o
 .debug_line    0x00000492      0x337 ECUAL/LCD_Lib.o
 .debug_line    0x000007c9       0x5b main.o
 .debug_line    0x00000824      0x1a2 RTOS/heap_1.o
 .debug_line    0x000009c6      0x1d2 RTOS/list.o
 .debug_line    0x00000b98      0x28b RTOS/port.o
 .debug_line    0x00000e23      0xdca RTOS/queue.o
 .debug_line    0x00001bed     0x1091 RTOS/tasks.o

.debug_frame    0x00000000      0xc50
 *(.debug_frame)
 .debug_frame   0x00000000       0xb4 App/UserStory_3.o
 .debug_frame   0x000000b4       0xa8 ECUAL/LCD_Lib.o
 .debug_frame   0x0000015c       0x24 main.o
 .debug_frame   0x00000180       0x60 RTOS/heap_1.o
 .debug_frame   0x000001e0       0x88 RTOS/list.o
 .debug_frame   0x00000268       0x74 RTOS/port.o
 .debug_frame   0x000002dc      0x458 RTOS/queue.o
 .debug_frame   0x00000734      0x51c RTOS/tasks.o

.debug_str      0x00000000     0x1906
 *(.debug_str)
 .debug_str     0x00000000      0x196 C:/Program Files (x86)/Atmel/Studio/7.0/Packs/atmel/ATmega_DFP/1.3.300/gcc/dev/atmega32/avr5/crtatmega32.o
 .debug_str     0x00000196      0x350 App/UserStory_3.o
                                0x3a5 (size before relaxing)
 .debug_str     0x000004e6      0x149 ECUAL/LCD_Lib.o
                                0x2ac (size before relaxing)
 .debug_str     0x0000062f       0x11 main.o
                                0x1b3 (size before relaxing)
 .debug_str     0x00000640       0xb2 RTOS/heap_1.o
                                0x243 (size before relaxing)
 .debug_str     0x000006f2      0x138 RTOS/list.o
                                0x2d2 (size before relaxing)
 .debug_str     0x0000082a      0x11b RTOS/port.o
                                0x2cb (size before relaxing)
 .debug_str     0x00000945      0x795 RTOS/queue.o
                                0xae2 (size before relaxing)
 .debug_str     0x000010da      0x82c RTOS/tasks.o
                                0xdc0 (size before relaxing)

.debug_loc      0x00000000     0x4f7c
 *(.debug_loc)
 .debug_loc     0x00000000      0x304 App/UserStory_3.o
 .debug_loc     0x00000304      0x23a ECUAL/LCD_Lib.o
 .debug_loc     0x0000053e       0xf1 RTOS/heap_1.o
 .debug_loc     0x0000062f      0x145 RTOS/list.o
 .debug_loc     0x00000774      0x2a0 RTOS/port.o
 .debug_loc     0x00000a14     0x22fe RTOS/queue.o
 .debug_loc     0x00002d12     0x226a RTOS/tasks.o

.debug_macinfo
 *(.debug_macinfo)

.debug_weaknames
 *(.debug_weaknames)

.debug_funcnames
 *(.debug_funcnames)

.debug_typenames
 *(.debug_typenames)

.debug_varnames
 *(.debug_varnames)

.debug_pubtypes
 *(.debug_pubtypes)

.debug_ranges   0x00000000      0x488
 *(.debug_ranges)
 .debug_ranges  0x00000000       0x30 App/UserStory_3.o
 .debug_ranges  0x00000030       0x48 ECUAL/LCD_Lib.o
 .debug_ranges  0x00000078       0x10 main.o
 .debug_ranges  0x00000088       0x28 RTOS/heap_1.o
 .debug_ranges  0x000000b0       0x30 RTOS/list.o
 .debug_ranges  0x000000e0       0x38 RTOS/port.o
 .debug_ranges  0x00000118      0x1b8 RTOS/queue.o
 .debug_ranges  0x000002d0      0x1b8 RTOS/tasks.o

.debug_macro
 *(.debug_macro)
OUTPUT(UserStory_Sprint2.elf elf32-avr)
LOAD linker stubs
