Archive member included to satisfy reference by file (symbol)

c:/program files (x86)/atmel/studio/7.0/toolchain/avr8/avr8-gnu-toolchain/bin/../lib/gcc/avr/5.4.0/avr5\libgcc.a(_udivmodsi4.o)
                              Firmware/SOS/SOS.o (__udivmodsi4)
c:/program files (x86)/atmel/studio/7.0/toolchain/avr8/avr8-gnu-toolchain/bin/../lib/gcc/avr/5.4.0/avr5\libgcc.a(_exit.o)
                              C:/Program Files (x86)/Atmel/Studio/7.0/Packs/atmel/ATmega_DFP/1.2.209/gcc/dev/atmega32/avr5/crtatmega32.o (exit)
c:/program files (x86)/atmel/studio/7.0/toolchain/avr8/avr8-gnu-toolchain/bin/../lib/gcc/avr/5.4.0/avr5\libgcc.a(_copy_data.o)
                              Firmware/SOS/SOS.o (__do_copy_data)
c:/program files (x86)/atmel/studio/7.0/toolchain/avr8/avr8-gnu-toolchain/bin/../lib/gcc/avr/5.4.0/avr5\libgcc.a(_clear_bss.o)
                              Firmware/SOS/SOS.o (__do_clear_bss)

Discarded input sections

 .data          0x00000000        0x0 C:/Program Files (x86)/Atmel/Studio/7.0/Packs/atmel/ATmega_DFP/1.2.209/gcc/dev/atmega32/avr5/crtatmega32.o
 .bss           0x00000000        0x0 C:/Program Files (x86)/Atmel/Studio/7.0/Packs/atmel/ATmega_DFP/1.2.209/gcc/dev/atmega32/avr5/crtatmega32.o
 .text          0x00000000        0x0 App/LED_Toggle/Festival.o
 .data          0x00000000        0x0 App/LED_Toggle/Festival.o
 .bss           0x00000000        0x0 App/LED_Toggle/Festival.o
 .text          0x00000000        0x0 Firmware/SOS/SOS.o
 .data          0x00000000        0x0 Firmware/SOS/SOS.o
 .bss           0x00000000        0x0 Firmware/SOS/SOS.o
 .text.SOS_Deinit
                0x00000000       0x1c Firmware/SOS/SOS.o
 .text          0x00000000        0x0 Firmware/SOS/SOS_cfg.o
 .data          0x00000000        0x0 Firmware/SOS/SOS_cfg.o
 .bss           0x00000000        0x0 Firmware/SOS/SOS_cfg.o
 .text          0x00000000        0x0 ECUAL/LEDS/LEDS.o
 .data          0x00000000        0x0 ECUAL/LEDS/LEDS.o
 .bss           0x00000000        0x0 ECUAL/LEDS/LEDS.o
 .text          0x00000000        0x0 main.o
 .data          0x00000000        0x0 main.o
 .bss           0x00000000        0x0 main.o
 .text          0x00000000        0x0 MCAL/DIO/DIO.o
 .data          0x00000000        0x0 MCAL/DIO/DIO.o
 .bss           0x00000000        0x0 MCAL/DIO/DIO.o
 .text.DIO_Pin_Write
                0x00000000      0x152 MCAL/DIO/DIO.o
 .text.DIO_Pin_Read
                0x00000000       0xae MCAL/DIO/DIO.o
 .text.DIO_Port_Write
                0x00000000        0xc MCAL/DIO/DIO.o
 .text.DIO_Pin_Activate_pull_up
                0x00000000        0xc MCAL/DIO/DIO.o
 .text.DIO_Port_Activate_pull_up
                0x00000000        0xc MCAL/DIO/DIO.o
 .text          0x00000000        0x0 MCAL/INTERRUPT/Interrupt.o
 .data          0x00000000        0x0 MCAL/INTERRUPT/Interrupt.o
 .bss           0x00000000        0x0 MCAL/INTERRUPT/Interrupt.o
 .text.Disable_GlobalInterrupt
                0x00000000        0x8 MCAL/INTERRUPT/Interrupt.o
 .text          0x00000000        0x0 MCAL/SLEEP/Power_Management.o
 .data          0x00000000        0x0 MCAL/SLEEP/Power_Management.o
 .bss           0x00000000        0x0 MCAL/SLEEP/Power_Management.o
 .text.CPU_Sleep
                0x00000000       0x28 MCAL/SLEEP/Power_Management.o
 .text.CPU_WakeUp
                0x00000000        0x8 MCAL/SLEEP/Power_Management.o
 .debug_info    0x00000000       0x97 MCAL/SLEEP/Power_Management.o
 .debug_abbrev  0x00000000       0x4f MCAL/SLEEP/Power_Management.o
 .debug_aranges
                0x00000000       0x28 MCAL/SLEEP/Power_Management.o
 .debug_ranges  0x00000000       0x18 MCAL/SLEEP/Power_Management.o
 .debug_line    0x00000000       0xe4 MCAL/SLEEP/Power_Management.o
 .debug_str     0x00000000      0x1a4 MCAL/SLEEP/Power_Management.o
 .comment       0x00000000       0x31 MCAL/SLEEP/Power_Management.o
 .debug_frame   0x00000000       0x34 MCAL/SLEEP/Power_Management.o
 .text          0x00000000        0x0 MCAL/TIMER/Timer.o
 .data          0x00000000        0x0 MCAL/TIMER/Timer.o
 .bss           0x00000000        0x0 MCAL/TIMER/Timer.o
 .text.Timer_Stop
                0x00000000       0x66 MCAL/TIMER/Timer.o
 .text.Timer_Reset
                0x00000000       0x2e MCAL/TIMER/Timer.o
 .text          0x00000000        0x0 c:/program files (x86)/atmel/studio/7.0/toolchain/avr8/avr8-gnu-toolchain/bin/../lib/gcc/avr/5.4.0/avr5\libgcc.a(_udivmodsi4.o)
 .data          0x00000000        0x0 c:/program files (x86)/atmel/studio/7.0/toolchain/avr8/avr8-gnu-toolchain/bin/../lib/gcc/avr/5.4.0/avr5\libgcc.a(_udivmodsi4.o)
 .bss           0x00000000        0x0 c:/program files (x86)/atmel/studio/7.0/toolchain/avr8/avr8-gnu-toolchain/bin/../lib/gcc/avr/5.4.0/avr5\libgcc.a(_udivmodsi4.o)
 .text.libgcc.mul
                0x00000000        0x0 c:/program files (x86)/atmel/studio/7.0/toolchain/avr8/avr8-gnu-toolchain/bin/../lib/gcc/avr/5.4.0/avr5\libgcc.a(_udivmodsi4.o)
 .text.libgcc   0x00000000        0x0 c:/program files (x86)/atmel/studio/7.0/toolchain/avr8/avr8-gnu-toolchain/bin/../lib/gcc/avr/5.4.0/avr5\libgcc.a(_udivmodsi4.o)
 .text.libgcc.prologue
                0x00000000        0x0 c:/program files (x86)/atmel/studio/7.0/toolchain/avr8/avr8-gnu-toolchain/bin/../lib/gcc/avr/5.4.0/avr5\libgcc.a(_udivmodsi4.o)
 .text.libgcc.builtins
                0x00000000        0x0 c:/program files (x86)/atmel/studio/7.0/toolchain/avr8/avr8-gnu-toolchain/bin/../lib/gcc/avr/5.4.0/avr5\libgcc.a(_udivmodsi4.o)
 .text.libgcc.fmul
                0x00000000        0x0 c:/program files (x86)/atmel/studio/7.0/toolchain/avr8/avr8-gnu-toolchain/bin/../lib/gcc/avr/5.4.0/avr5\libgcc.a(_udivmodsi4.o)
 .text.libgcc.fixed
                0x00000000        0x0 c:/program files (x86)/atmel/studio/7.0/toolchain/avr8/avr8-gnu-toolchain/bin/../lib/gcc/avr/5.4.0/avr5\libgcc.a(_udivmodsi4.o)
 .text          0x00000000        0x0 c:/program files (x86)/atmel/studio/7.0/toolchain/avr8/avr8-gnu-toolchain/bin/../lib/gcc/avr/5.4.0/avr5\libgcc.a(_exit.o)
 .data          0x00000000        0x0 c:/program files (x86)/atmel/studio/7.0/toolchain/avr8/avr8-gnu-toolchain/bin/../lib/gcc/avr/5.4.0/avr5\libgcc.a(_exit.o)
 .bss           0x00000000        0x0 c:/program files (x86)/atmel/studio/7.0/toolchain/avr8/avr8-gnu-toolchain/bin/../lib/gcc/avr/5.4.0/avr5\libgcc.a(_exit.o)
 .text.libgcc.mul
                0x00000000        0x0 c:/program files (x86)/atmel/studio/7.0/toolchain/avr8/avr8-gnu-toolchain/bin/../lib/gcc/avr/5.4.0/avr5\libgcc.a(_exit.o)
 .text.libgcc.div
                0x00000000        0x0 c:/program files (x86)/atmel/studio/7.0/toolchain/avr8/avr8-gnu-toolchain/bin/../lib/gcc/avr/5.4.0/avr5\libgcc.a(_exit.o)
 .text.libgcc   0x00000000        0x0 c:/program files (x86)/atmel/studio/7.0/toolchain/avr8/avr8-gnu-toolchain/bin/../lib/gcc/avr/5.4.0/avr5\libgcc.a(_exit.o)
 .text.libgcc.prologue
                0x00000000        0x0 c:/program files (x86)/atmel/studio/7.0/toolchain/avr8/avr8-gnu-toolchain/bin/../lib/gcc/avr/5.4.0/avr5\libgcc.a(_exit.o)
 .text.libgcc.builtins
                0x00000000        0x0 c:/program files (x86)/atmel/studio/7.0/toolchain/avr8/avr8-gnu-toolchain/bin/../lib/gcc/avr/5.4.0/avr5\libgcc.a(_exit.o)
 .text.libgcc.fmul
                0x00000000        0x0 c:/program files (x86)/atmel/studio/7.0/toolchain/avr8/avr8-gnu-toolchain/bin/../lib/gcc/avr/5.4.0/avr5\libgcc.a(_exit.o)
 .text.libgcc.fixed
                0x00000000        0x0 c:/program files (x86)/atmel/studio/7.0/toolchain/avr8/avr8-gnu-toolchain/bin/../lib/gcc/avr/5.4.0/avr5\libgcc.a(_exit.o)
 .text          0x00000000        0x0 c:/program files (x86)/atmel/studio/7.0/toolchain/avr8/avr8-gnu-toolchain/bin/../lib/gcc/avr/5.4.0/avr5\libgcc.a(_copy_data.o)
 .data          0x00000000        0x0 c:/program files (x86)/atmel/studio/7.0/toolchain/avr8/avr8-gnu-toolchain/bin/../lib/gcc/avr/5.4.0/avr5\libgcc.a(_copy_data.o)
 .bss           0x00000000        0x0 c:/program files (x86)/atmel/studio/7.0/toolchain/avr8/avr8-gnu-toolchain/bin/../lib/gcc/avr/5.4.0/avr5\libgcc.a(_copy_data.o)
 .text.libgcc.mul
                0x00000000        0x0 c:/program files (x86)/atmel/studio/7.0/toolchain/avr8/avr8-gnu-toolchain/bin/../lib/gcc/avr/5.4.0/avr5\libgcc.a(_copy_data.o)
 .text.libgcc.div
                0x00000000        0x0 c:/program files (x86)/atmel/studio/7.0/toolchain/avr8/avr8-gnu-toolchain/bin/../lib/gcc/avr/5.4.0/avr5\libgcc.a(_copy_data.o)
 .text.libgcc   0x00000000        0x0 c:/program files (x86)/atmel/studio/7.0/toolchain/avr8/avr8-gnu-toolchain/bin/../lib/gcc/avr/5.4.0/avr5\libgcc.a(_copy_data.o)
 .text.libgcc.prologue
                0x00000000        0x0 c:/program files (x86)/atmel/studio/7.0/toolchain/avr8/avr8-gnu-toolchain/bin/../lib/gcc/avr/5.4.0/avr5\libgcc.a(_copy_data.o)
 .text.libgcc.builtins
                0x00000000        0x0 c:/program files (x86)/atmel/studio/7.0/toolchain/avr8/avr8-gnu-toolchain/bin/../lib/gcc/avr/5.4.0/avr5\libgcc.a(_copy_data.o)
 .text.libgcc.fmul
                0x00000000        0x0 c:/program files (x86)/atmel/studio/7.0/toolchain/avr8/avr8-gnu-toolchain/bin/../lib/gcc/avr/5.4.0/avr5\libgcc.a(_copy_data.o)
 .text.libgcc.fixed
                0x00000000        0x0 c:/program files (x86)/atmel/studio/7.0/toolchain/avr8/avr8-gnu-toolchain/bin/../lib/gcc/avr/5.4.0/avr5\libgcc.a(_copy_data.o)
 .text          0x00000000        0x0 c:/program files (x86)/atmel/studio/7.0/toolchain/avr8/avr8-gnu-toolchain/bin/../lib/gcc/avr/5.4.0/avr5\libgcc.a(_clear_bss.o)
 .data          0x00000000        0x0 c:/program files (x86)/atmel/studio/7.0/toolchain/avr8/avr8-gnu-toolchain/bin/../lib/gcc/avr/5.4.0/avr5\libgcc.a(_clear_bss.o)
 .bss           0x00000000        0x0 c:/program files (x86)/atmel/studio/7.0/toolchain/avr8/avr8-gnu-toolchain/bin/../lib/gcc/avr/5.4.0/avr5\libgcc.a(_clear_bss.o)
 .text.libgcc.mul
                0x00000000        0x0 c:/program files (x86)/atmel/studio/7.0/toolchain/avr8/avr8-gnu-toolchain/bin/../lib/gcc/avr/5.4.0/avr5\libgcc.a(_clear_bss.o)
 .text.libgcc.div
                0x00000000        0x0 c:/program files (x86)/atmel/studio/7.0/toolchain/avr8/avr8-gnu-toolchain/bin/../lib/gcc/avr/5.4.0/avr5\libgcc.a(_clear_bss.o)
 .text.libgcc   0x00000000        0x0 c:/program files (x86)/atmel/studio/7.0/toolchain/avr8/avr8-gnu-toolchain/bin/../lib/gcc/avr/5.4.0/avr5\libgcc.a(_clear_bss.o)
 .text.libgcc.prologue
                0x00000000        0x0 c:/program files (x86)/atmel/studio/7.0/toolchain/avr8/avr8-gnu-toolchain/bin/../lib/gcc/avr/5.4.0/avr5\libgcc.a(_clear_bss.o)
 .text.libgcc.builtins
                0x00000000        0x0 c:/program files (x86)/atmel/studio/7.0/toolchain/avr8/avr8-gnu-toolchain/bin/../lib/gcc/avr/5.4.0/avr5\libgcc.a(_clear_bss.o)
 .text.libgcc.fmul
                0x00000000        0x0 c:/program files (x86)/atmel/studio/7.0/toolchain/avr8/avr8-gnu-toolchain/bin/../lib/gcc/avr/5.4.0/avr5\libgcc.a(_clear_bss.o)
 .text.libgcc.fixed
                0x00000000        0x0 c:/program files (x86)/atmel/studio/7.0/toolchain/avr8/avr8-gnu-toolchain/bin/../lib/gcc/avr/5.4.0/avr5\libgcc.a(_clear_bss.o)

Memory Configuration

Name             Origin             Length             Attributes
text             0x00000000         0x00020000         xr
data             0x00800060         0x0000ffa0         rw !x
eeprom           0x00810000         0x00010000         rw !x
fuse             0x00820000         0x00000002         rw !x
lock             0x00830000         0x00000400         rw !x
signature        0x00840000         0x00000400         rw !x
user_signatures  0x00850000         0x00000400         rw !x
*default*        0x00000000         0xffffffff

Linker script and memory map

LOAD C:/Program Files (x86)/Atmel/Studio/7.0/Packs/atmel/ATmega_DFP/1.2.209/gcc/dev/atmega32/avr5/crtatmega32.o
LOAD App/LED_Toggle/Festival.o
LOAD Firmware/SOS/SOS.o
LOAD Firmware/SOS/SOS_cfg.o
LOAD ECUAL/LEDS/LEDS.o
LOAD main.o
LOAD MCAL/DIO/DIO.o
LOAD MCAL/INTERRUPT/Interrupt.o
LOAD MCAL/SLEEP/Power_Management.o
LOAD MCAL/TIMER/Timer.o
START GROUP
LOAD c:/program files (x86)/atmel/studio/7.0/toolchain/avr8/avr8-gnu-toolchain/bin/../lib/gcc/avr/5.4.0/../../../../avr/lib/avr5\libm.a
END GROUP
START GROUP
LOAD c:/program files (x86)/atmel/studio/7.0/toolchain/avr8/avr8-gnu-toolchain/bin/../lib/gcc/avr/5.4.0/avr5\libgcc.a
LOAD c:/program files (x86)/atmel/studio/7.0/toolchain/avr8/avr8-gnu-toolchain/bin/../lib/gcc/avr/5.4.0/../../../../avr/lib/avr5\libm.a
LOAD c:/program files (x86)/atmel/studio/7.0/toolchain/avr8/avr8-gnu-toolchain/bin/../lib/gcc/avr/5.4.0/../../../../avr/lib/avr5\libc.a
LOAD C:/Program Files (x86)/Atmel/Studio/7.0/Packs/atmel/ATmega_DFP/1.2.209/gcc/dev/atmega32/avr5\libatmega32.a
END GROUP
                0x00000000                __TEXT_REGION_ORIGIN__ = DEFINED (__TEXT_REGION_ORIGIN__)?__TEXT_REGION_ORIGIN__:0x0
                0x00800060                __DATA_REGION_ORIGIN__ = DEFINED (__DATA_REGION_ORIGIN__)?__DATA_REGION_ORIGIN__:0x800060
                0x00020000                __TEXT_REGION_LENGTH__ = DEFINED (__TEXT_REGION_LENGTH__)?__TEXT_REGION_LENGTH__:0x20000
                0x0000ffa0                __DATA_REGION_LENGTH__ = DEFINED (__DATA_REGION_LENGTH__)?__DATA_REGION_LENGTH__:0xffa0
                0x00010000                __EEPROM_REGION_LENGTH__ = DEFINED (__EEPROM_REGION_LENGTH__)?__EEPROM_REGION_LENGTH__:0x10000
                [0x00000002]                __FUSE_REGION_LENGTH__ = DEFINED (__FUSE_REGION_LENGTH__)?__FUSE_REGION_LENGTH__:0x400
                0x00000400                __LOCK_REGION_LENGTH__ = DEFINED (__LOCK_REGION_LENGTH__)?__LOCK_REGION_LENGTH__:0x400
                0x00000400                __SIGNATURE_REGION_LENGTH__ = DEFINED (__SIGNATURE_REGION_LENGTH__)?__SIGNATURE_REGION_LENGTH__:0x400
                0x00000400                __USER_SIGNATURE_REGION_LENGTH__ = DEFINED (__USER_SIGNATURE_REGION_LENGTH__)?__USER_SIGNATURE_REGION_LENGTH__:0x400

.hash
 *(.hash)

.dynsym
 *(.dynsym)

.dynstr
 *(.dynstr)

.gnu.version
 *(.gnu.version)

.gnu.version_d
 *(.gnu.version_d)

.gnu.version_r
 *(.gnu.version_r)

.rel.init
 *(.rel.init)

.rela.init
 *(.rela.init)

.rel.text
 *(.rel.text)
 *(.rel.text.*)
 *(.rel.gnu.linkonce.t*)

.rela.text
 *(.rela.text)
 *(.rela.text.*)
 *(.rela.gnu.linkonce.t*)

.rel.fini
 *(.rel.fini)

.rela.fini
 *(.rela.fini)

.rel.rodata
 *(.rel.rodata)
 *(.rel.rodata.*)
 *(.rel.gnu.linkonce.r*)

.rela.rodata
 *(.rela.rodata)
 *(.rela.rodata.*)
 *(.rela.gnu.linkonce.r*)

.rel.data
 *(.rel.data)
 *(.rel.data.*)
 *(.rel.gnu.linkonce.d*)

.rela.data
 *(.rela.data)
 *(.rela.data.*)
 *(.rela.gnu.linkonce.d*)

.rel.ctors
 *(.rel.ctors)

.rela.ctors
 *(.rela.ctors)

.rel.dtors
 *(.rel.dtors)

.rela.dtors
 *(.rela.dtors)

.rel.got
 *(.rel.got)

.rela.got
 *(.rela.got)

.rel.bss
 *(.rel.bss)

.rela.bss
 *(.rela.bss)

.rel.plt
 *(.rel.plt)

.rela.plt
 *(.rela.plt)

.text           0x00000000      0xe0a
 *(.vectors)
 .vectors       0x00000000       0x54 C:/Program Files (x86)/Atmel/Studio/7.0/Packs/atmel/ATmega_DFP/1.2.209/gcc/dev/atmega32/avr5/crtatmega32.o
                0x00000000                __vector_default
                0x00000000                __vectors
 *(.vectors)
 *(.progmem.gcc*)
                0x00000054                . = ALIGN (0x2)
                0x00000054                __trampolines_start = .
 *(.trampolines)
 .trampolines   0x00000054        0x0 linker stubs
 *(.trampolines*)
                0x00000054                __trampolines_end = .
 *libprintf_flt.a:*(.progmem.data)
 *libc.a:*(.progmem.data)
 *(.progmem*)
                0x00000054                . = ALIGN (0x2)
 *(.jumptables)
 *(.jumptables*)
 *(.lowtext)
 *(.lowtext*)
                0x00000054                __ctors_start = .
 *(.ctors)
                0x00000054                __ctors_end = .
                0x00000054                __dtors_start = .
 *(.dtors)
                0x00000054                __dtors_end = .
 SORT(*)(.ctors)
 SORT(*)(.dtors)
 *(.init0)
 .init0         0x00000054        0x0 C:/Program Files (x86)/Atmel/Studio/7.0/Packs/atmel/ATmega_DFP/1.2.209/gcc/dev/atmega32/avr5/crtatmega32.o
                0x00000054                __init
 *(.init0)
 *(.init1)
 *(.init1)
 *(.init2)
 .init2         0x00000054        0xc C:/Program Files (x86)/Atmel/Studio/7.0/Packs/atmel/ATmega_DFP/1.2.209/gcc/dev/atmega32/avr5/crtatmega32.o
 *(.init2)
 *(.init3)
 *(.init3)
 *(.init4)
 .init4         0x00000060       0x16 c:/program files (x86)/atmel/studio/7.0/toolchain/avr8/avr8-gnu-toolchain/bin/../lib/gcc/avr/5.4.0/avr5\libgcc.a(_copy_data.o)
                0x00000060                __do_copy_data
 .init4         0x00000076       0x10 c:/program files (x86)/atmel/studio/7.0/toolchain/avr8/avr8-gnu-toolchain/bin/../lib/gcc/avr/5.4.0/avr5\libgcc.a(_clear_bss.o)
                0x00000076                __do_clear_bss
 *(.init4)
 *(.init5)
 *(.init5)
 *(.init6)
 *(.init6)
 *(.init7)
 *(.init7)
 *(.init8)
 *(.init8)
 *(.init9)
 .init9         0x00000086        0x8 C:/Program Files (x86)/Atmel/Studio/7.0/Packs/atmel/ATmega_DFP/1.2.209/gcc/dev/atmega32/avr5/crtatmega32.o
 *(.init9)
 *(.text)
 .text          0x0000008e        0x4 C:/Program Files (x86)/Atmel/Studio/7.0/Packs/atmel/ATmega_DFP/1.2.209/gcc/dev/atmega32/avr5/crtatmega32.o
                0x0000008e                __vector_1
                0x0000008e                __vector_12
                0x0000008e                __bad_interrupt
                0x0000008e                __vector_6
                0x0000008e                __vector_3
                0x0000008e                __vector_11
                0x0000008e                __vector_13
                0x0000008e                __vector_17
                0x0000008e                __vector_19
                0x0000008e                __vector_5
                0x0000008e                __vector_4
                0x0000008e                __vector_9
                0x0000008e                __vector_2
                0x0000008e                __vector_15
                0x0000008e                __vector_8
                0x0000008e                __vector_14
                0x0000008e                __vector_10
                0x0000008e                __vector_16
                0x0000008e                __vector_18
                0x0000008e                __vector_20
                0x00000092                . = ALIGN (0x2)
 *(.text.*)
 .text.Start_Festival
                0x00000092       0x6a App/LED_Toggle/Festival.o
                0x00000092                Start_Festival
 .text.SOS_Init
                0x000000fc      0x114 Firmware/SOS/SOS.o
                0x000000fc                SOS_Init
 .text.SOS_Create_Task
                0x00000210       0x92 Firmware/SOS/SOS.o
                0x00000210                SOS_Create_Task
 .text.SOS_Delete_Task
                0x000002a2       0xd4 Firmware/SOS/SOS.o
                0x000002a2                SOS_Delete_Task
 .text.SOS_Run  0x00000376       0xb8 Firmware/SOS/SOS.o
                0x00000376                SOS_Run
 .text.__vector_7
                0x0000042e      0x110 Firmware/SOS/SOS.o
                0x0000042e                __vector_7
 .text.Init_LEDS
                0x0000053e       0x24 ECUAL/LEDS/LEDS.o
                0x0000053e                Init_LEDS
 .text.LED1_Toggle
                0x00000562       0x16 ECUAL/LEDS/LEDS.o
                0x00000562                LED1_Toggle
 .text.LED2_Toggle
                0x00000578       0x16 ECUAL/LEDS/LEDS.o
                0x00000578                LED2_Toggle
 .text.LED3_Toggle
                0x0000058e       0x16 ECUAL/LEDS/LEDS.o
                0x0000058e                LED3_Toggle
 .text.LED4_Toggle
                0x000005a4       0x16 ECUAL/LEDS/LEDS.o
                0x000005a4                LED4_Toggle
 .text.main     0x000005ba        0xa main.o
                0x000005ba                main
 .text.DIO_Pin_Init
                0x000005c4      0x152 MCAL/DIO/DIO.o
                0x000005c4                DIO_Pin_Init
 .text.DIO_Pin_Toggle
                0x00000716       0xa2 MCAL/DIO/DIO.o
                0x00000716                DIO_Pin_Toggle
 .text.Enable_GlobalInterrupt
                0x000007b8        0x8 MCAL/INTERRUPT/Interrupt.o
                0x000007b8                Enable_GlobalInterrupt
 .text.Timer_Init
                0x000007c0      0x2d8 MCAL/TIMER/Timer.o
                0x000007c0                Timer_Init
 .text.Timer_Start
                0x00000a98      0x2aa MCAL/TIMER/Timer.o
                0x00000a98                Timer_Start
 .text.Timer_Get_Tick_Time
                0x00000d42       0x80 MCAL/TIMER/Timer.o
                0x00000d42                Timer_Get_Tick_Time
 .text.libgcc.div
                0x00000dc2       0x44 c:/program files (x86)/atmel/studio/7.0/toolchain/avr8/avr8-gnu-toolchain/bin/../lib/gcc/avr/5.4.0/avr5\libgcc.a(_udivmodsi4.o)
                0x00000dc2                __udivmodsi4
                0x00000e06                . = ALIGN (0x2)
 *(.fini9)
 .fini9         0x00000e06        0x0 c:/program files (x86)/atmel/studio/7.0/toolchain/avr8/avr8-gnu-toolchain/bin/../lib/gcc/avr/5.4.0/avr5\libgcc.a(_exit.o)
                0x00000e06                _exit
                0x00000e06                exit
 *(.fini9)
 *(.fini8)
 *(.fini8)
 *(.fini7)
 *(.fini7)
 *(.fini6)
 *(.fini6)
 *(.fini5)
 *(.fini5)
 *(.fini4)
 *(.fini4)
 *(.fini3)
 *(.fini3)
 *(.fini2)
 *(.fini2)
 *(.fini1)
 *(.fini1)
 *(.fini0)
 .fini0         0x00000e06        0x4 c:/program files (x86)/atmel/studio/7.0/toolchain/avr8/avr8-gnu-toolchain/bin/../lib/gcc/avr/5.4.0/avr5\libgcc.a(_exit.o)
 *(.fini0)
                0x00000e0a                _etext = .

.data           0x00800060        0xa load address 0x00000e0a
                0x00800060                PROVIDE (__data_start, .)
 *(.data)
 *(.data*)
 .data.gu32System_ticks_number
                0x00800060        0x4 Firmware/SOS/SOS.o
 .data.gu8Is_SOS_initialized
                0x00800064        0x1 Firmware/SOS/SOS.o
 .data.SOS_Config
                0x00800065        0x4 Firmware/SOS/SOS_cfg.o
                0x00800065                SOS_Config
 .data.gu8Is_timer_init
                0x00800069        0x1 MCAL/TIMER/Timer.o
 *(.gnu.linkonce.d*)
 *(.rodata)
 *(.rodata*)
 *(.gnu.linkonce.r*)
                0x0080006a                . = ALIGN (0x2)
                0x0080006a                _edata = .
                0x0080006a                PROVIDE (__data_end, .)

.bss            0x0080006a       0x71
                0x0080006a                PROVIDE (__bss_start, .)
 *(.bss)
 *(.bss*)
 .bss.garstSOS_Tasks
                0x0080006a       0x5a Firmware/SOS/SOS.o
 .bss.gu8Index  0x008000c4        0x1 Firmware/SOS/SOS.o
 .bss.gu16Number_of_resolution_counts
                0x008000c5        0x2 Firmware/SOS/SOS.o
 .bss.gu8Count  0x008000c7        0x1 Firmware/SOS/SOS.o
 .bss.gu32Max_resolution_allowed
                0x008000c8        0x4 Firmware/SOS/SOS.o
 .bss.gau32Tick_time
                0x008000cc        0xc MCAL/TIMER/Timer.o
 .bss.gau8Timer_PSC
                0x008000d8        0x3 MCAL/TIMER/Timer.o
 *(COMMON)
                0x008000db                PROVIDE (__bss_end, .)
                0x00000e0a                __data_load_start = LOADADDR (.data)
                0x00000e14                __data_load_end = (__data_load_start + SIZEOF (.data))

.noinit         0x008000db        0x0
                [!provide]                PROVIDE (__noinit_start, .)
 *(.noinit*)
                [!provide]                PROVIDE (__noinit_end, .)
                0x008000db                _end = .
                [!provide]                PROVIDE (__heap_start, .)

.eeprom         0x00810000        0x0
 *(.eeprom*)
                0x00810000                __eeprom_end = .

.fuse
 *(.fuse)
 *(.lfuse)
 *(.hfuse)
 *(.efuse)

.lock
 *(.lock*)

.signature
 *(.signature*)

.user_signatures
 *(.user_signatures*)

.stab
 *(.stab)

.stabstr
 *(.stabstr)

.stab.excl
 *(.stab.excl)

.stab.exclstr
 *(.stab.exclstr)

.stab.index
 *(.stab.index)

.stab.indexstr
 *(.stab.indexstr)

.comment        0x00000000       0x60
 *(.comment)
 .comment       0x00000000       0x30 App/LED_Toggle/Festival.o
                                 0x31 (size before relaxing)
 .comment       0x00000030       0x31 Firmware/SOS/SOS.o
 .comment       0x00000030       0x31 Firmware/SOS/SOS_cfg.o
 .comment       0x00000030       0x30 ECUAL/LEDS/LEDS.o
                                 0x31 (size before relaxing)
 .comment       0x00000060       0x31 main.o
 .comment       0x00000060       0x31 MCAL/DIO/DIO.o
 .comment       0x00000060       0x31 MCAL/INTERRUPT/Interrupt.o
 .comment       0x00000060       0x31 MCAL/TIMER/Timer.o

.note.gnu.avr.deviceinfo
                0x00000000       0x3c
 .note.gnu.avr.deviceinfo
                0x00000000       0x3c C:/Program Files (x86)/Atmel/Studio/7.0/Packs/atmel/ATmega_DFP/1.2.209/gcc/dev/atmega32/avr5/crtatmega32.o

.note.gnu.build-id
 *(.note.gnu.build-id)

.debug
 *(.debug)

.line
 *(.line)

.debug_srcinfo
 *(.debug_srcinfo)

.debug_sfnames
 *(.debug_sfnames)

.debug_aranges  0x00000000      0x198
 *(.debug_aranges)
 .debug_aranges
                0x00000000       0x20 App/LED_Toggle/Festival.o
 .debug_aranges
                0x00000020       0x48 Firmware/SOS/SOS.o
 .debug_aranges
                0x00000068       0x18 Firmware/SOS/SOS_cfg.o
 .debug_aranges
                0x00000080       0x40 ECUAL/LEDS/LEDS.o
 .debug_aranges
                0x000000c0       0x20 main.o
 .debug_aranges
                0x000000e0       0x50 MCAL/DIO/DIO.o
 .debug_aranges
                0x00000130       0x28 MCAL/INTERRUPT/Interrupt.o
 .debug_aranges
                0x00000158       0x40 MCAL/TIMER/Timer.o

.debug_pubnames
 *(.debug_pubnames)

.debug_info     0x00000000     0x16cb
 *(.debug_info .gnu.linkonce.wi.*)
 .debug_info    0x00000000      0x4e6 C:/Program Files (x86)/Atmel/Studio/7.0/Packs/atmel/ATmega_DFP/1.2.209/gcc/dev/atmega32/avr5/crtatmega32.o
 .debug_info    0x000004e6      0x1aa App/LED_Toggle/Festival.o
 .debug_info    0x00000690      0x41e Firmware/SOS/SOS.o
 .debug_info    0x00000aae       0xda Firmware/SOS/SOS_cfg.o
 .debug_info    0x00000b88      0x308 ECUAL/LEDS/LEDS.o
 .debug_info    0x00000e90       0xb2 main.o
 .debug_info    0x00000f42      0x2e7 MCAL/DIO/DIO.o
 .debug_info    0x00001229       0x54 MCAL/INTERRUPT/Interrupt.o
 .debug_info    0x0000127d      0x44e MCAL/TIMER/Timer.o

.debug_abbrev   0x00000000      0xbe5
 *(.debug_abbrev)
 .debug_abbrev  0x00000000      0x4a3 C:/Program Files (x86)/Atmel/Studio/7.0/Packs/atmel/ATmega_DFP/1.2.209/gcc/dev/atmega32/avr5/crtatmega32.o
 .debug_abbrev  0x000004a3       0x7c App/LED_Toggle/Festival.o
 .debug_abbrev  0x0000051f      0x1ab Firmware/SOS/SOS.o
 .debug_abbrev  0x000006ca       0x6d Firmware/SOS/SOS_cfg.o
 .debug_abbrev  0x00000737      0x100 ECUAL/LEDS/LEDS.o
 .debug_abbrev  0x00000837       0x63 main.o
 .debug_abbrev  0x0000089a      0x17e MCAL/DIO/DIO.o
 .debug_abbrev  0x00000a18       0x2c MCAL/INTERRUPT/Interrupt.o
 .debug_abbrev  0x00000a44      0x1a1 MCAL/TIMER/Timer.o

.debug_line     0x00000000     0x11cd
 *(.debug_line .debug_line.* .debug_line_end)
 .debug_line    0x00000000      0x115 C:/Program Files (x86)/Atmel/Studio/7.0/Packs/atmel/ATmega_DFP/1.2.209/gcc/dev/atmega32/avr5/crtatmega32.o
 .debug_line    0x00000115       0xab App/LED_Toggle/Festival.o
 .debug_line    0x000001c0      0x2e4 Firmware/SOS/SOS.o
 .debug_line    0x000004a4       0x72 Firmware/SOS/SOS_cfg.o
 .debug_line    0x00000516      0x200 ECUAL/LEDS/LEDS.o
 .debug_line    0x00000716       0x65 main.o
 .debug_line    0x0000077b      0x35d MCAL/DIO/DIO.o
 .debug_line    0x00000ad8       0x67 MCAL/INTERRUPT/Interrupt.o
 .debug_line    0x00000b3f      0x68e MCAL/TIMER/Timer.o

.debug_frame    0x00000000      0x2e4
 *(.debug_frame)
 .debug_frame   0x00000000       0x2c App/LED_Toggle/Festival.o
 .debug_frame   0x0000002c      0x114 Firmware/SOS/SOS.o
 .debug_frame   0x00000140       0x64 ECUAL/LEDS/LEDS.o
 .debug_frame   0x000001a4       0x24 main.o
 .debug_frame   0x000001c8       0x84 MCAL/DIO/DIO.o
 .debug_frame   0x0000024c       0x34 MCAL/INTERRUPT/Interrupt.o
 .debug_frame   0x00000280       0x64 MCAL/TIMER/Timer.o

.debug_str      0x00000000      0x8d9
 *(.debug_str)
 .debug_str     0x00000000      0x196 C:/Program Files (x86)/Atmel/Studio/7.0/Packs/atmel/ATmega_DFP/1.2.209/gcc/dev/atmega32/avr5/crtatmega32.o
 .debug_str     0x00000196      0x1bf App/LED_Toggle/Festival.o
                                0x1f3 (size before relaxing)
 .debug_str     0x00000355      0x215 Firmware/SOS/SOS.o
                                0x3fe (size before relaxing)
 .debug_str     0x0000056a       0x1a Firmware/SOS/SOS_cfg.o
                                0x1fb (size before relaxing)
 .debug_str     0x00000584       0xf9 ECUAL/LEDS/LEDS.o
                                0x245 (size before relaxing)
 .debug_str     0x0000067d       0x11 main.o
                                0x1bc (size before relaxing)
 .debug_str     0x0000068e       0xa4 MCAL/DIO/DIO.o
                                0x26a (size before relaxing)
 .debug_str     0x00000732       0x4d MCAL/INTERRUPT/Interrupt.o
                                0x14c (size before relaxing)
 .debug_str     0x0000077f      0x15a MCAL/TIMER/Timer.o
                                0x38a (size before relaxing)

.debug_loc      0x00000000     0x122f
 *(.debug_loc)
 .debug_loc     0x00000000       0x22 App/LED_Toggle/Festival.o
 .debug_loc     0x00000022      0x473 Firmware/SOS/SOS.o
 .debug_loc     0x00000495      0x120 ECUAL/LEDS/LEDS.o
 .debug_loc     0x000005b5      0x772 MCAL/DIO/DIO.o
 .debug_loc     0x00000d27      0x508 MCAL/TIMER/Timer.o

.debug_macinfo
 *(.debug_macinfo)

.debug_weaknames
 *(.debug_weaknames)

.debug_funcnames
 *(.debug_funcnames)

.debug_typenames
 *(.debug_typenames)

.debug_varnames
 *(.debug_varnames)

.debug_pubtypes
 *(.debug_pubtypes)

.debug_ranges   0x00000000      0x110
 *(.debug_ranges)
 .debug_ranges  0x00000000       0x10 App/LED_Toggle/Festival.o
 .debug_ranges  0x00000010       0x38 Firmware/SOS/SOS.o
 .debug_ranges  0x00000048       0x30 ECUAL/LEDS/LEDS.o
 .debug_ranges  0x00000078       0x10 main.o
 .debug_ranges  0x00000088       0x40 MCAL/DIO/DIO.o
 .debug_ranges  0x000000c8       0x18 MCAL/INTERRUPT/Interrupt.o
 .debug_ranges  0x000000e0       0x30 MCAL/TIMER/Timer.o

.debug_macro
 *(.debug_macro)
OUTPUT(Dynamic_Design.elf elf32-avr)
LOAD linker stubs
